Deleted Kafka cluster "new-cluster-in-other-env1".
